Init:Start
File:Preload:Start
File:Preload:End 642ms
Font:Load:Start 642ms
Font:Load:End 643ms
Process:Initialize:Start 643ms
Proc:Init:Start 0ms
Proc:Init:Parser:Start 0ms
Proc:Init:Parser:End 0ms
Proc:Init:Image:Start 0ms
Proc:Init:Image:End 166ms
Proc:Init:KeyMacro:Start 166ms
Proc:Init:KeyMacro:End 166ms
Proc:Init:Replace:Start 166ms
Proc:Init:Replace:End 168ms
Proc:Init:Rename:Load:Start 986ms
Proc:Init:Rename:Load:End 996ms
Proc:Init:MainCSV:End 1002ms
Proc:Init:EtcCSV:Start 1002ms
Proc:Init:EtcCSV:End 1122ms
Proc:Init:ERH:Start 1146ms
Proc:Init:ERH:End 1387ms
Proc:Init:ERB:Start 1387ms
Proc:Init:ERB:Enumeration 120ms
Proc:Init:ERB:PrimaryParse 1483ms
Proc:Init:ERB:LabelSetup 245ms
Proc:Init:ERB:ScriptParse 1869ms
Proc:Init:ERB:End 5127ms
Proc:Init:End 5129ms
Process:Initialize:End 5775ms
MacroNames:Start 5775ms
MacroNames:End 5775ms
RunProgram:Start 5775ms
RunProgram:End 6022ms
RunProgram:Lines 29722
Refresh:Start 6022ms
Refresh:End 6023ms
Preload:Clear:Start 6023ms
Preload:Clear:End 6023ms
Init:End 6023ms
