Init:Start
File:Preload:Start
File:Preload:End 449ms
Font:Load:Start 449ms
Font:Load:End 449ms
Process:Initialize:Start 450ms
Proc:Init:Start 0ms
Proc:Init:Parser:Start 0ms
Proc:Init:Parser:End 0ms
Proc:Init:Image:Start 0ms
Proc:Init:Image:End 136ms
Proc:Init:KeyMacro:Start 136ms
Proc:Init:KeyMacro:End 137ms
Proc:Init:Replace:Start 137ms
Proc:Init:Replace:End 138ms
Proc:Init:Rename:Load:Start 429ms
Proc:Init:Rename:Load:End 437ms
Proc:Init:MainCSV:End 442ms
Proc:Init:EtcCSV:Start 442ms
Proc:Init:EtcCSV:End 579ms
Proc:Init:ERH:Start 615ms
Proc:Init:ERH:End 853ms
Proc:Init:ERB:Start 853ms
Proc:Init:ERB:Enumeration 105ms
Proc:Init:ERB:PrimaryParse 1369ms
Proc:Init:ERB:LabelSetup 390ms
Proc:Init:ERB:ScriptParse 1260ms
Proc:Init:ERB:End 3980ms
Proc:Init:End 3982ms
Process:Initialize:End 4434ms
MacroNames:Start 4434ms
MacroNames:End 4434ms
RunProgram:Start 4434ms
RunProgram:End 4602ms
RunProgram:Lines 35895
Refresh:Start 4602ms
Refresh:End 4603ms
Preload:Clear:Start 4603ms
Preload:Clear:End 4603ms
Init:End 4603ms
