Init:Start
File:Preload:Start
File:Preload:End 517ms
Font:Load:Start 517ms
Font:Load:End 517ms
Process:Initialize:Start 518ms
Proc:Init:Start 0ms
Proc:Init:Parser:Start 0ms
Proc:Init:Parser:End 0ms
Proc:Init:Image:Start 0ms
Proc:Init:Image:End 130ms
Proc:Init:KeyMacro:Start 130ms
Proc:Init:KeyMacro:End 130ms
Proc:Init:Replace:Start 130ms
Proc:Init:Replace:End 131ms
Proc:Init:Rename:Load:Start 439ms
Proc:Init:Rename:Load:End 448ms
Proc:Init:MainCSV:End 454ms
Proc:Init:EtcCSV:Start 454ms
Proc:Init:EtcCSV:End 553ms
Proc:Init:ERH:Start 570ms
Proc:Init:ERH:End 920ms
Proc:Init:ERB:Start 920ms
Proc:Init:ERB:Enumeration 105ms
Proc:Init:ERB:PrimaryParse 1269ms
Proc:Init:ERB:LabelSetup 218ms
Proc:Init:ERB:ScriptParse 1679ms
Proc:Init:ERB:End 4194ms
Proc:Init:End 4195ms
Process:Initialize:End 4715ms
MacroNames:Start 4715ms
MacroNames:End 4715ms
RunProgram:Start 4715ms
RunProgram:End 4893ms
RunProgram:Lines 31912
Refresh:Start 4893ms
Refresh:End 4893ms
Preload:Clear:Start 4893ms
Preload:Clear:End 4893ms
Init:End 4893ms
