Init:Start
File:Preload:Start
File:Preload:End 585ms
Font:Load:Start 585ms
Font:Load:End 585ms
Process:Initialize:Start 586ms
Proc:Init:Start 0ms
Proc:Init:Parser:Start 0ms
Proc:Init:Parser:End 0ms
Proc:Init:Image:Start 0ms
Proc:Init:Image:End 129ms
Proc:Init:KeyMacro:Start 129ms
Proc:Init:KeyMacro:End 130ms
Proc:Init:Replace:Start 130ms
Proc:Init:Replace:End 131ms
Proc:Init:Rename:Load:Start 402ms
Proc:Init:Rename:Load:End 412ms
Proc:Init:MainCSV:End 418ms
Proc:Init:EtcCSV:Start 418ms
Proc:Init:EtcCSV:End 555ms
Proc:Init:ERH:Start 573ms
Proc:Init:ERH:End 815ms
Proc:Init:ERB:Start 815ms
Proc:Init:ERB:Enumeration 120ms
Proc:Init:ERB:PrimaryParse 1435ms
Proc:Init:ERB:LabelSetup 145ms
Proc:Init:ERB:ScriptParse 1349ms
Proc:Init:ERB:End 3867ms
Proc:Init:End 3868ms
Process:Initialize:End 4455ms
MacroNames:Start 4455ms
MacroNames:End 4456ms
RunProgram:Start 4456ms
RunProgram:End 4663ms
RunProgram:Lines 18806
Refresh:Start 4663ms
Refresh:End 4664ms
Preload:Clear:Start 4664ms
Preload:Clear:End 4664ms
Init:End 4664ms
