Init:Start
File:Preload:Start
File:Preload:End 461ms
Font:Load:Start 461ms
Font:Load:End 462ms
Process:Initialize:Start 463ms
Proc:Init:Start 0ms
Proc:Init:Parser:Start 0ms
Proc:Init:Parser:End 0ms
Proc:Init:Image:Start 0ms
Proc:Init:Image:End 135ms
Proc:Init:KeyMacro:Start 135ms
Proc:Init:KeyMacro:End 135ms
Proc:Init:Replace:Start 135ms
Proc:Init:Replace:End 136ms
Proc:Init:Rename:Load:Start 468ms
Proc:Init:Rename:Load:End 476ms
Proc:Init:MainCSV:End 481ms
Proc:Init:EtcCSV:Start 481ms
Proc:Init:EtcCSV:End 571ms
Proc:Init:ERH:Start 591ms
Proc:Init:ERH:End 812ms
Proc:Init:ERB:Start 812ms
Proc:Init:ERB:Enumeration 118ms
Proc:Init:ERB:PrimaryParse 1229ms
Proc:Init:ERB:LabelSetup 157ms
Proc:Init:ERB:ScriptParse 1353ms
Proc:Init:ERB:End 3673ms
Proc:Init:End 3675ms
Process:Initialize:End 4139ms
MacroNames:Start 4139ms
MacroNames:End 4139ms
RunProgram:Start 4139ms
RunProgram:End 4328ms
RunProgram:Lines 36271
Refresh:Start 4328ms
Refresh:End 4328ms
Preload:Clear:Start 4328ms
Preload:Clear:End 4328ms
Init:End 4328ms
