Init:Start
File:Preload:Start
File:Preload:End 579ms
Font:Load:Start 579ms
Font:Load:End 579ms
Process:Initialize:Start 580ms
Proc:Init:Start 0ms
Proc:Init:Parser:Start 0ms
Proc:Init:Parser:End 0ms
Proc:Init:Image:Start 0ms
Proc:Init:Image:End 129ms
Proc:Init:KeyMacro:Start 129ms
Proc:Init:KeyMacro:End 129ms
Proc:Init:Replace:Start 129ms
Proc:Init:Replace:End 130ms
Proc:Init:Rename:Load:Start 433ms
Proc:Init:Rename:Load:End 443ms
Proc:Init:MainCSV:End 448ms
Proc:Init:EtcCSV:Start 448ms
Proc:Init:EtcCSV:End 533ms
Proc:Init:ERH:Start 549ms
Proc:Init:ERH:End 751ms
Proc:Init:ERB:Start 751ms
Proc:Init:ERB:Enumeration 107ms
Proc:Init:ERB:PrimaryParse 1019ms
Proc:Init:ERB:LabelSetup 192ms
Proc:Init:ERB:ScriptParse 1380ms
Proc:Init:ERB:End 3452ms
Proc:Init:End 3453ms
Process:Initialize:End 4034ms
MacroNames:Start 4034ms
MacroNames:End 4035ms
RunProgram:Start 4035ms
RunProgram:End 4209ms
RunProgram:Lines 27396
Refresh:Start 4209ms
Refresh:End 4210ms
Preload:Clear:Start 4210ms
Preload:Clear:End 4210ms
Init:End 4210ms
