Init:Start
File:Preload:Start
File:Preload:End 473ms
Font:Load:Start 473ms
Font:Load:End 473ms
Process:Initialize:Start 474ms
Proc:Init:Start 0ms
Proc:Init:Parser:Start 0ms
Proc:Init:Parser:End 0ms
Proc:Init:Image:Start 0ms
Proc:Init:Image:End 129ms
Proc:Init:KeyMacro:Start 129ms
Proc:Init:KeyMacro:End 129ms
Proc:Init:Replace:Start 129ms
Proc:Init:Replace:End 131ms
Proc:Init:Rename:Load:Start 390ms
Proc:Init:Rename:Load:End 399ms
Proc:Init:MainCSV:End 405ms
Proc:Init:EtcCSV:Start 405ms
Proc:Init:EtcCSV:End 512ms
Proc:Init:ERH:Start 530ms
Proc:Init:ERH:End 744ms
Proc:Init:ERB:Start 744ms
Proc:Init:ERB:Enumeration 108ms
Proc:Init:ERB:PrimaryParse 1088ms
Proc:Init:ERB:LabelSetup 306ms
Proc:Init:ERB:ScriptParse 1265ms
Proc:Init:ERB:End 3513ms
Proc:Init:End 3514ms
Process:Initialize:End 3990ms
MacroNames:Start 3990ms
MacroNames:End 3990ms
RunProgram:Start 3990ms
RunProgram:End 4151ms
RunProgram:Lines 25198
Refresh:Start 4151ms
Refresh:End 4152ms
Preload:Clear:Start 4152ms
Preload:Clear:End 4152ms
Init:End 4152ms
