Init:Start
File:Preload:Start
File:Preload:End 505ms
Proc:Init:Start 0ms
Proc:Init:Parser:Start 0ms
Proc:Init:Parser:End 0ms
Proc:Init:Image:Start 0ms
Proc:Init:Image:End 126ms
Proc:Init:KeyMacro:Start 126ms
Proc:Init:KeyMacro:End 126ms
Proc:Init:Replace:Start 126ms
Proc:Init:Replace:End 127ms
Proc:Init:Rename:Load:Start 377ms
Proc:Init:Rename:Load:End 386ms
Proc:Init:MainCSV:End 391ms
Proc:Init:EtcCSV:Start 391ms
Proc:Init:EtcCSV:End 506ms
Proc:Init:ERH:Start 523ms
Proc:Init:ERH:End 725ms
Proc:Init:ERB:Start 725ms
Proc:Init:ERB:End 6361ms
Proc:Init:End 6362ms
Init:End 10940ms
