Init:Start
File:Preload:Start
File:Preload:End 473ms
Proc:Init:Start 0ms
Proc:Init:Parser:Start 0ms
Proc:Init:Parser:End 0ms
Proc:Init:Image:Start 0ms
Proc:Init:Image:End 167ms
Proc:Init:KeyMacro:Start 167ms
Proc:Init:KeyMacro:End 167ms
Proc:Init:Replace:Start 167ms
Proc:Init:Replace:End 168ms
Proc:Init:Rename:Load:Start 475ms
Proc:Init:Rename:Load:End 482ms
Proc:Init:MainCSV:End 487ms
Proc:Init:EtcCSV:Start 487ms
Proc:Init:EtcCSV:End 565ms
Proc:Init:ERH:Start 584ms
Proc:Init:ERH:End 808ms
Proc:Init:ERB:Start 808ms
Proc:Init:ERB:End 6697ms
Proc:Init:End 6698ms
Init:End 11181ms
