Init:Start
File:Preload:Start
File:Preload:End 529ms
Proc:Init:Start 0ms
Proc:Init:Parser:Start 0ms
Proc:Init:Parser:End 0ms
Proc:Init:Image:Start 0ms
Proc:Init:Image:End 127ms
Proc:Init:KeyMacro:Start 127ms
Proc:Init:KeyMacro:End 127ms
Proc:Init:Replace:Start 127ms
Proc:Init:Replace:End 128ms
Proc:Init:Rename:Load:Start 422ms
Proc:Init:Rename:Load:End 432ms
Proc:Init:MainCSV:End 437ms
Proc:Init:EtcCSV:Start 437ms
Proc:Init:EtcCSV:End 547ms
Proc:Init:ERH:Start 564ms
Proc:Init:ERH:End 773ms
Proc:Init:ERB:Start 773ms
Proc:Init:ERB:End 6436ms
Proc:Init:End 6437ms
Init:End 10976ms
