Init:Start
File:Preload:Start
File:Preload:End 477ms
Proc:Init:Start 0ms
Proc:Init:Parser:Start 0ms
Proc:Init:Parser:End 0ms
Proc:Init:Image:Start 0ms
Proc:Init:Image:End 127ms
Proc:Init:KeyMacro:Start 127ms
Proc:Init:KeyMacro:End 127ms
Proc:Init:Replace:Start 127ms
Proc:Init:Replace:End 128ms
Proc:Init:Rename:Load:Start 428ms
Proc:Init:Rename:Load:End 438ms
Proc:Init:MainCSV:End 443ms
Proc:Init:EtcCSV:Start 443ms
Proc:Init:EtcCSV:End 548ms
Proc:Init:ERH:Start 565ms
Proc:Init:ERH:End 788ms
Proc:Init:ERB:Start 788ms
Proc:Init:ERB:End 6343ms
Proc:Init:End 6344ms
Init:End 10832ms
