Init:Start
File:Preload:Start
File:Preload:End 564ms
Proc:Init:Start 0ms
Proc:Init:Parser:Start 0ms
Proc:Init:Parser:End 0ms
Proc:Init:Image:Start 0ms
Proc:Init:Image:End 123ms
Proc:Init:KeyMacro:Start 123ms
Proc:Init:KeyMacro:End 123ms
Proc:Init:Replace:Start 123ms
Proc:Init:Replace:End 124ms
Proc:Init:Rename:Load:Start 379ms
Proc:Init:Rename:Load:End 387ms
Proc:Init:MainCSV:End 393ms
Proc:Init:EtcCSV:Start 393ms
Proc:Init:EtcCSV:End 508ms
Proc:Init:ERH:Start 527ms
Proc:Init:ERH:End 757ms
Proc:Init:ERB:Start 757ms
Proc:Init:ERB:End 6837ms
Proc:Init:End 6838ms
Init:End 11413ms
