Init:Start
File:Preload:Start
File:Preload:End 528ms
Proc:Init:Start 0ms
Proc:Init:Parser:Start 0ms
Proc:Init:Parser:End 0ms
Proc:Init:Image:Start 0ms
Proc:Init:Image:End 123ms
Proc:Init:KeyMacro:Start 123ms
Proc:Init:KeyMacro:End 123ms
Proc:Init:Replace:Start 123ms
Proc:Init:Replace:End 124ms
Proc:Init:Rename:Load:Start 432ms
Proc:Init:Rename:Load:End 441ms
Proc:Init:MainCSV:End 447ms
Proc:Init:EtcCSV:Start 447ms
Proc:Init:EtcCSV:End 564ms
Proc:Init:ERH:Start 581ms
Proc:Init:ERH:End 771ms
Proc:Init:ERB:Start 771ms
Proc:Init:ERB:End 6843ms
Proc:Init:End 6844ms
Init:End 11383ms
