Init:Start
File:Preload:Start
File:Preload:End 486ms
Proc:Init:Start 0ms
Proc:Init:Parser:Start 0ms
Proc:Init:Parser:End 0ms
Proc:Init:Image:Start 0ms
Proc:Init:Image:End 123ms
Proc:Init:KeyMacro:Start 123ms
Proc:Init:KeyMacro:End 123ms
Proc:Init:Replace:Start 123ms
Proc:Init:Replace:End 125ms
Proc:Init:Rename:Load:Start 434ms
Proc:Init:Rename:Load:End 442ms
Proc:Init:MainCSV:End 448ms
Proc:Init:EtcCSV:Start 448ms
Proc:Init:EtcCSV:End 518ms
Proc:Init:ERH:Start 535ms
Proc:Init:ERH:End 765ms
Proc:Init:ERB:Start 765ms
Proc:Init:ERB:End 6512ms
Proc:Init:End 6514ms
Init:End 11017ms
