Init:Start
File:Preload:Start
File:Preload:End 474ms
Proc:Init:Start 0ms
Proc:Init:Parser:Start 0ms
Proc:Init:Parser:End 0ms
Proc:Init:Image:Start 0ms
Proc:Init:Image:End 137ms
Proc:Init:KeyMacro:Start 137ms
Proc:Init:KeyMacro:End 137ms
Proc:Init:Replace:Start 137ms
Proc:Init:Replace:End 138ms
Proc:Init:Rename:Load:Start 403ms
Proc:Init:Rename:Load:End 412ms
Proc:Init:MainCSV:End 418ms
Proc:Init:EtcCSV:Start 418ms
Proc:Init:EtcCSV:End 570ms
Proc:Init:ERH:Start 588ms
Proc:Init:ERH:End 789ms
Proc:Init:ERB:Start 789ms
Proc:Init:ERB:End 6595ms
Proc:Init:End 6596ms
Init:End 11195ms
