Init:Start
File:Preload:Start
File:Preload:End 528ms
Proc:Init:Start 0ms
Proc:Init:Parser:Start 0ms
Proc:Init:Parser:End 0ms
Proc:Init:Image:Start 0ms
Proc:Init:Image:End 125ms
Proc:Init:KeyMacro:Start 125ms
Proc:Init:KeyMacro:End 125ms
Proc:Init:Replace:Start 125ms
Proc:Init:Replace:End 126ms
Proc:Init:Rename:Load:Start 394ms
Proc:Init:Rename:Load:End 402ms
Proc:Init:MainCSV:End 408ms
Proc:Init:EtcCSV:Start 408ms
Proc:Init:EtcCSV:End 513ms
Proc:Init:ERH:Start 556ms
Proc:Init:ERH:End 853ms
Proc:Init:ERB:Start 853ms
Proc:Init:ERB:End 6554ms
Proc:Init:End 6555ms
Init:End 11094ms
