Init:Start
File:Preload:Start
File:Preload:End 494ms
Proc:Init:Start 0ms
Proc:Init:Parser:Start 0ms
Proc:Init:Parser:End 0ms
Proc:Init:Image:Start 0ms
Proc:Init:Image:End 125ms
Proc:Init:KeyMacro:Start 125ms
Proc:Init:KeyMacro:End 125ms
Proc:Init:Replace:Start 125ms
Proc:Init:Replace:End 126ms
Proc:Init:Rename:Load:Start 429ms
Proc:Init:Rename:Load:End 436ms
Proc:Init:MainCSV:End 442ms
Proc:Init:EtcCSV:Start 442ms
Proc:Init:EtcCSV:End 527ms
Proc:Init:ERH:Start 552ms
Proc:Init:ERH:End 809ms
Proc:Init:ERB:Start 809ms
Proc:Init:ERB:End 6989ms
Proc:Init:End 6991ms
Init:End 11497ms
