Init:Start
File:Preload:Start
File:Preload:End 525ms
Proc:Init:Start 0ms
Proc:Init:Parser:Start 0ms
Proc:Init:Parser:End 0ms
Proc:Init:Image:Start 0ms
Proc:Init:Image:End 136ms
Proc:Init:KeyMacro:Start 136ms
Proc:Init:KeyMacro:End 136ms
Proc:Init:Replace:Start 136ms
Proc:Init:Replace:End 137ms
Proc:Init:Rename:Load:Start 435ms
Proc:Init:Rename:Load:End 444ms
Proc:Init:MainCSV:End 450ms
Proc:Init:EtcCSV:Start 450ms
Proc:Init:EtcCSV:End 582ms
Proc:Init:ERH:Start 599ms
Proc:Init:ERH:End 833ms
Proc:Init:ERB:Start 833ms
Proc:Init:ERB:End 6755ms
Proc:Init:End 6756ms
Init:End 11293ms
