Init:Start
File:Preload:Start
File:Preload:End 522ms
Proc:Init:Start 0ms
Proc:Init:Parser:Start 0ms
Proc:Init:Parser:End 0ms
Proc:Init:Image:Start 0ms
Proc:Init:Image:End 129ms
Proc:Init:KeyMacro:Start 129ms
Proc:Init:KeyMacro:End 129ms
Proc:Init:Replace:Start 129ms
Proc:Init:Replace:End 130ms
Proc:Init:Rename:Load:Start 382ms
Proc:Init:Rename:Load:End 391ms
Proc:Init:MainCSV:End 397ms
Proc:Init:EtcCSV:Start 397ms
Proc:Init:EtcCSV:End 488ms
Proc:Init:ERH:Start 505ms
Proc:Init:ERH:End 731ms
Proc:Init:ERB:Start 731ms
Proc:Init:ERB:End 6110ms
Proc:Init:End 6112ms
Init:End 10644ms
