Init:Start
File:Preload:Start
File:Preload:End 519ms
Proc:Init:Start 0ms
Proc:Init:Parser:Start 0ms
Proc:Init:Parser:End 0ms
Proc:Init:Image:Start 0ms
Proc:Init:Image:End 127ms
Proc:Init:KeyMacro:Start 127ms
Proc:Init:KeyMacro:End 127ms
Proc:Init:Replace:Start 127ms
Proc:Init:Replace:End 128ms
Proc:Init:Rename:Load:Start 439ms
Proc:Init:Rename:Load:End 448ms
Proc:Init:MainCSV:End 454ms
Proc:Init:EtcCSV:Start 454ms
Proc:Init:EtcCSV:End 548ms
Proc:Init:ERH:Start 574ms
Proc:Init:ERH:End 859ms
Proc:Init:ERB:Start 859ms
Proc:Init:ERB:End 6728ms
Proc:Init:End 6729ms
Init:End 11258ms
