Init:Start
File:Preload:Start
File:Preload:End 517ms
Proc:Init:Start 0ms
Proc:Init:Parser:Start 0ms
Proc:Init:Parser:End 0ms
Proc:Init:Image:Start 0ms
Proc:Init:Image:End 127ms
Proc:Init:KeyMacro:Start 127ms
Proc:Init:KeyMacro:End 127ms
Proc:Init:Replace:Start 127ms
Proc:Init:Replace:End 128ms
Proc:Init:Rename:Load:Start 413ms
Proc:Init:Rename:Load:End 422ms
Proc:Init:MainCSV:End 428ms
Proc:Init:EtcCSV:Start 428ms
Proc:Init:EtcCSV:End 535ms
Proc:Init:ERH:Start 555ms
Proc:Init:ERH:End 761ms
Proc:Init:ERB:Start 761ms
Proc:Init:ERB:End 6603ms
Proc:Init:End 6604ms
Init:End 11132ms
