Init:Start
File:Preload:Start
File:Preload:End 515ms
Proc:Init:Start 0ms
Proc:Init:Parser:Start 0ms
Proc:Init:Parser:End 0ms
Proc:Init:Image:Start 0ms
Proc:Init:Image:End 125ms
Proc:Init:KeyMacro:Start 125ms
Proc:Init:KeyMacro:End 125ms
Proc:Init:Replace:Start 125ms
Proc:Init:Replace:End 127ms
Proc:Init:Rename:Load:Start 416ms
Proc:Init:Rename:Load:End 426ms
Proc:Init:MainCSV:End 432ms
Proc:Init:EtcCSV:Start 432ms
Proc:Init:EtcCSV:End 560ms
Proc:Init:ERH:Start 595ms
Proc:Init:ERH:End 787ms
Proc:Init:ERB:Start 787ms
Proc:Init:ERB:End 6479ms
Proc:Init:End 6481ms
Init:End 11006ms
