Init:Start
File:Preload:Start
File:Preload:End 521ms
Proc:Init:Start 0ms
Proc:Init:Parser:Start 0ms
Proc:Init:Parser:End 0ms
Proc:Init:Image:Start 0ms
Proc:Init:Image:End 125ms
Proc:Init:KeyMacro:Start 125ms
Proc:Init:KeyMacro:End 125ms
Proc:Init:Replace:Start 125ms
Proc:Init:Replace:End 126ms
Proc:Init:Rename:Load:Start 383ms
Proc:Init:Rename:Load:End 392ms
Proc:Init:MainCSV:End 398ms
Proc:Init:EtcCSV:Start 398ms
Proc:Init:EtcCSV:End 526ms
Proc:Init:ERH:Start 545ms
Proc:Init:ERH:End 768ms
Proc:Init:ERB:Start 768ms
Proc:Init:ERB:End 6531ms
Proc:Init:End 6533ms
Init:End 11066ms
