Init:Start
File:Preload:Start
File:Preload:End 608ms
Proc:Init:Start 0ms
Proc:Init:Parser:Start 0ms
Proc:Init:Parser:End 0ms
Proc:Init:Image:Start 0ms
Proc:Init:Image:End 124ms
Proc:Init:KeyMacro:Start 124ms
Proc:Init:KeyMacro:End 124ms
Proc:Init:Replace:Start 124ms
Proc:Init:Replace:End 125ms
Proc:Init:Rename:Load:Start 400ms
Proc:Init:Rename:Load:End 409ms
Proc:Init:MainCSV:End 414ms
Proc:Init:EtcCSV:Start 414ms
Proc:Init:EtcCSV:End 521ms
Proc:Init:ERH:Start 538ms
Proc:Init:ERH:End 733ms
Proc:Init:ERB:Start 733ms
Proc:Init:ERB:End 6621ms
Proc:Init:End 6622ms
Init:End 11241ms
