Init:Start
File:Preload:Start
File:Preload:End 491ms
Proc:Init:Start 0ms
Proc:Init:Parser:Start 0ms
Proc:Init:Parser:End 0ms
Proc:Init:Image:Start 0ms
Proc:Init:Image:End 123ms
Proc:Init:KeyMacro:Start 123ms
Proc:Init:KeyMacro:End 123ms
Proc:Init:Replace:Start 123ms
Proc:Init:Replace:End 124ms
Proc:Init:Rename:Load:Start 421ms
Proc:Init:Rename:Load:End 431ms
Proc:Init:MainCSV:End 439ms
Proc:Init:EtcCSV:Start 439ms
Proc:Init:EtcCSV:End 531ms
Proc:Init:ERH:Start 556ms
Proc:Init:ERH:End 790ms
Proc:Init:ERB:Start 790ms
Proc:Init:ERB:End 6606ms
Proc:Init:End 6608ms
Init:End 11110ms
