Init:Start
File:Preload:Start
File:Preload:End 526ms
Proc:Init:Start 0ms
Proc:Init:Parser:Start 0ms
Proc:Init:Parser:End 0ms
Proc:Init:Image:Start 0ms
Proc:Init:Image:End 128ms
Proc:Init:KeyMacro:Start 128ms
Proc:Init:KeyMacro:End 128ms
Proc:Init:Replace:Start 128ms
Proc:Init:Replace:End 129ms
Proc:Init:Rename:Load:Start 453ms
Proc:Init:Rename:Load:End 467ms
Proc:Init:MainCSV:End 474ms
Proc:Init:EtcCSV:Start 474ms
Proc:Init:EtcCSV:End 672ms
Proc:Init:ERH:Start 688ms
Proc:Init:ERH:End 880ms
Proc:Init:ERB:Start 880ms
Proc:Init:ERB:End 6470ms
Proc:Init:End 6471ms
Init:End 11009ms
