Init:Start
File:Preload:Start
File:Preload:End 506ms
Proc:Init:Start 0ms
Proc:Init:Parser:Start 0ms
Proc:Init:Parser:End 0ms
Proc:Init:Image:Start 0ms
Proc:Init:Image:End 124ms
Proc:Init:KeyMacro:Start 124ms
Proc:Init:KeyMacro:End 125ms
Proc:Init:Replace:Start 125ms
Proc:Init:Replace:End 126ms
Proc:Init:Rename:Load:Start 419ms
Proc:Init:Rename:Load:End 428ms
Proc:Init:MainCSV:End 433ms
Proc:Init:EtcCSV:Start 433ms
Proc:Init:EtcCSV:End 529ms
Proc:Init:ERH:Start 548ms
Proc:Init:ERH:End 755ms
Proc:Init:ERB:Start 755ms
Proc:Init:ERB:End 6170ms
Proc:Init:End 6171ms
Init:End 10690ms
