Init:Start
File:Preload:Start
File:Preload:End 543ms
Font:Load:Start 543ms
Font:Load:End 544ms
Process:Initialize:Start 544ms
Proc:Init:Start 0ms
Proc:Init:Parser:Start 0ms
Proc:Init:Parser:End 0ms
Proc:Init:Image:Start 0ms
Proc:Init:Image:End 128ms
Proc:Init:KeyMacro:Start 128ms
Proc:Init:KeyMacro:End 128ms
Proc:Init:Replace:Start 128ms
Proc:Init:Replace:End 129ms
Proc:Init:Rename:Load:Start 425ms
Proc:Init:Rename:Load:End 433ms
Proc:Init:MainCSV:End 439ms
Proc:Init:EtcCSV:Start 439ms
Proc:Init:EtcCSV:End 526ms
Proc:Init:ERH:Start 543ms
Proc:Init:ERH:End 854ms
Proc:Init:ERB:Start 854ms
Proc:Init:ERB:Enumeration 106ms
Proc:Init:ERB:PrimaryParse 1104ms
Proc:Init:ERB:LabelSetup 274ms
Proc:Init:ERB:ScriptParse 1371ms
Proc:Init:ERB:End 3712ms
Proc:Init:End 3713ms
Process:Initialize:End 4259ms
MacroNames:Start 4259ms
MacroNames:End 4259ms
RunProgram:Start 4259ms
RunProgram:End 4451ms
RunProgram:Lines 48834
Refresh:Start 4451ms
Refresh:End 4452ms
Preload:Clear:Start 4452ms
Preload:Clear:End 4452ms
Init:End 4452ms
