Init:Start
File:Preload:Start
File:Preload:End 461ms
Font:Load:Start 461ms
Font:Load:End 461ms
Process:Initialize:Start 462ms
Proc:Init:Start 0ms
Proc:Init:Parser:Start 0ms
Proc:Init:Parser:End 0ms
Proc:Init:Image:Start 0ms
Proc:Init:Image:End 137ms
Proc:Init:KeyMacro:Start 137ms
Proc:Init:KeyMacro:End 137ms
Proc:Init:Replace:Start 137ms
Proc:Init:Replace:End 138ms
Proc:Init:Rename:Load:Start 459ms
Proc:Init:Rename:Load:End 467ms
Proc:Init:MainCSV:End 473ms
Proc:Init:EtcCSV:Start 473ms
Proc:Init:EtcCSV:End 566ms
Proc:Init:ERH:Start 589ms
Proc:Init:ERH:End 863ms
Proc:Init:ERB:Start 863ms
Proc:Init:ERB:Enumeration 117ms
Proc:Init:ERB:PrimaryParse 1216ms
Proc:Init:ERB:LabelSetup 451ms
Proc:Init:ERB:ScriptParse 1607ms
Proc:Init:ERB:End 4257ms
Proc:Init:End 4259ms
Process:Initialize:End 4723ms
MacroNames:Start 4723ms
MacroNames:End 4723ms
RunProgram:Start 4723ms
RunProgram:End 4895ms
RunProgram:Lines 25278
Refresh:Start 4895ms
Refresh:End 4896ms
Preload:Clear:Start 4896ms
Preload:Clear:End 4896ms
Init:End 4896ms
