Init:Start
File:Preload:Start
File:Preload:End 500ms
Font:Load:Start 500ms
Font:Load:End 500ms
Process:Initialize:Start 501ms
Proc:Init:Start 0ms
Proc:Init:Parser:Start 0ms
Proc:Init:Parser:End 0ms
Proc:Init:Image:Start 0ms
Proc:Init:Image:End 132ms
Proc:Init:KeyMacro:Start 132ms
Proc:Init:KeyMacro:End 132ms
Proc:Init:Replace:Start 132ms
Proc:Init:Replace:End 133ms
Proc:Init:Rename:Load:Start 393ms
Proc:Init:Rename:Load:End 402ms
Proc:Init:MainCSV:End 408ms
Proc:Init:EtcCSV:Start 408ms
Proc:Init:EtcCSV:End 493ms
Proc:Init:ERH:Start 510ms
Proc:Init:ERH:End 710ms
Proc:Init:ERB:Start 710ms
Proc:Init:ERB:Enumeration 110ms
Proc:Init:ERB:PrimaryParse 1111ms
Proc:Init:ERB:LabelSetup 255ms
Proc:Init:ERB:ScriptParse 1445ms
Proc:Init:ERB:End 3634ms
Proc:Init:End 3635ms
Process:Initialize:End 4138ms
MacroNames:Start 4138ms
MacroNames:End 4138ms
RunProgram:Start 4138ms
RunProgram:End 4323ms
RunProgram:Lines 23116
Refresh:Start 4323ms
Refresh:End 4324ms
Preload:Clear:Start 4324ms
Preload:Clear:End 4324ms
Init:End 4324ms
