Init:Start
File:Preload:Start
File:Preload:End 565ms
Font:Load:Start 565ms
Font:Load:End 565ms
Process:Initialize:Start 566ms
Proc:Init:Start 0ms
Proc:Init:Parser:Start 0ms
Proc:Init:Parser:End 0ms
Proc:Init:Image:Start 0ms
Proc:Init:Image:End 156ms
Proc:Init:KeyMacro:Start 156ms
Proc:Init:KeyMacro:End 156ms
Proc:Init:Replace:Start 156ms
Proc:Init:Replace:End 157ms
Proc:Init:Rename:Load:Start 442ms
Proc:Init:Rename:Load:End 451ms
Proc:Init:MainCSV:End 457ms
Proc:Init:EtcCSV:Start 457ms
Proc:Init:EtcCSV:End 572ms
Proc:Init:ERH:Start 593ms
Proc:Init:ERH:End 809ms
Proc:Init:ERB:Start 809ms
Proc:Init:ERB:Enumeration 115ms
Proc:Init:ERB:PrimaryParse 965ms
Proc:Init:ERB:LabelSetup 266ms
Proc:Init:ERB:ScriptParse 1798ms
Proc:Init:ERB:End 3957ms
Proc:Init:End 3959ms
Process:Initialize:End 4528ms
MacroNames:Start 4528ms
MacroNames:End 4528ms
RunProgram:Start 4528ms
RunProgram:End 4796ms
RunProgram:Lines 48924
Refresh:Start 4796ms
Refresh:End 4797ms
Preload:Clear:Start 4797ms
Preload:Clear:End 4797ms
Init:End 4797ms
