Init:Start
File:Preload:Start
File:Preload:End 543ms
Font:Load:Start 543ms
Font:Load:End 544ms
Process:Initialize:Start 545ms
Proc:Init:Start 0ms
Proc:Init:Parser:Start 0ms
Proc:Init:Parser:End 0ms
Proc:Init:Image:Start 0ms
Proc:Init:Image:End 200ms
Proc:Init:KeyMacro:Start 200ms
Proc:Init:KeyMacro:End 200ms
Proc:Init:Replace:Start 200ms
Proc:Init:Replace:End 202ms
Proc:Init:Rename:Load:Start 499ms
Proc:Init:Rename:Load:End 509ms
Proc:Init:MainCSV:End 515ms
Proc:Init:EtcCSV:Start 515ms
Proc:Init:EtcCSV:End 586ms
Proc:Init:ERH:Start 607ms
Proc:Init:ERH:End 899ms
Proc:Init:ERB:Start 899ms
Proc:Init:ERB:Enumeration 115ms
Proc:Init:ERB:PrimaryParse 1226ms
Proc:Init:ERB:LabelSetup 227ms
Proc:Init:ERB:ScriptParse 1619ms
Proc:Init:ERB:End 4090ms
Proc:Init:End 4092ms
Process:Initialize:End 4639ms
MacroNames:Start 4639ms
MacroNames:End 4639ms
RunProgram:Start 4639ms
RunProgram:End 4858ms
RunProgram:Lines 21030
Refresh:Start 4858ms
Refresh:End 4859ms
Preload:Clear:Start 4859ms
Preload:Clear:End 4859ms
Init:End 4859ms
